// Jest Snapshot v1, https://goo.gl/fbAQLP

exports[`App should render correctly 1`] = `
<ThemeProvider
  theme={
    Object {
      "colors": Object {
        "primary": "#3CBD3F",
      },
    }
  }
>
  <ContextProvider
    value={
      Object {
        "addSynonym": [Function],
        "words": Object {},
      }
    }
  >
    <NavigationContainer />
  </ContextProvider>
</ThemeProvider>
`;
